// Jest Snapshot v1, https://goo.gl/fbAQLP

exports[`Example should match the snapshot 1`] = `
<div>
  <h1>
    Example
  </h1>
  <p>
    test
  </p>
</div>
`;
