// Jest Snapshot v1, https://goo.gl/fbAQLP

exports[`Example should match the snapshot 1`] = `
<div
  data-testid="globe"
>
  <svg
    fill="white"
    height={150}
    width={150}
  >
    <circle
      cx={75}
      cy={75}
      r={75}
    />
    <path />
  </svg>
</div>
`;
